C:/Users/evanh/Downloads/MyApplicationwww/MyApplicationwww/Core/Src/main.c:769:6:StartDefaultTask	8	static
C:/Users/evanh/Downloads/MyApplicationwww/MyApplicationwww/Core/Src/main.c:241:6:SystemClock_Config	88	static
C:/Users/evanh/Downloads/MyApplicationwww/MyApplicationwww/Core/Src/main.c:700:6:GetManufacturerId	72	static
C:/Users/evanh/Downloads/MyApplicationwww/MyApplicationwww/Core/Src/main.c:730:6:EnableMemoryMappedMode	72	static
C:/Users/evanh/Downloads/MyApplicationwww/MyApplicationwww/Core/Src/main.c:134:5:main	120	static,ignoring_inline_asm
C:/Users/evanh/Downloads/MyApplicationwww/MyApplicationwww/Core/Src/main.c:825:6:HAL_TIM_PeriodElapsedCallback	0	static
C:/Users/evanh/Downloads/MyApplicationwww/MyApplicationwww/Core/Src/main.c:842:6:Error_Handler	0	static
